// Jest Snapshot v1, https://goo.gl/fbAQLP

exports[`Tests for the connected CountrySelect should render with given state from Redux store 1`] = `
Array [
  .c0 {
  margin: 2.4rem 1.2rem 0.4rem;
  font-size: 1.2rem;
  line-height: 2;
  -webkit-letter-spacing: 0.05rem;
  -moz-letter-spacing: 0.05rem;
  -ms-letter-spacing: 0.05rem;
  letter-spacing: 0.05rem;
  text-transform: uppercase;
  display: block;
  font-weight: 700;
}

<label
    className="c0"
  >
    Location
  </label>,
  .c0 .MuiInputBase-root {
  background-color: #fff;
  font-size: 1.4rem;
  padding: 1.2rem !important;
}

.c0 .MuiOutlinedInput-root:hover .MuiOutlinedInput-notchedOutline {
  border-color: #fff;
  box-shadow: 0 0 0 4px;
}

.c0 .Mui-focused .MuiOutlinedInput-notchedOutline {
  border: 1px solid !important;
  box-shadow: 0 0 0 0;
}

.c0 .MuiAutocomplete-input {
  padding: 0px !important;
  height: 2.4rem;
}

.c0 .MuiSvgIcon-root {
  font-size: 2rem;
}

.c0 .MuiAutocomplete-endAdornment {
  top: calc(50% - 12px);
}

<div
    aria-expanded={false}
    aria-owns={null}
    className="MuiAutocomplete-root c0 MuiAutocomplete-hasPopupIcon"
    onClick={[Function]}
    onKeyDown={[Function]}
    onMouseDown={[Function]}
    role="combobox"
  >
    <div
      className="MuiFormControl-root MuiTextField-root MuiFormControl-fullWidth"
    >
      <div
        className="MuiInputBase-root MuiOutlinedInput-root MuiAutocomplete-inputRoot MuiInputBase-fullWidth MuiInputBase-formControl MuiInputBase-adornedEnd MuiOutlinedInput-adornedEnd"
        onClick={[Function]}
      >
        <input
          aria-activedescendant={null}
          aria-autocomplete="list"
          aria-controls={null}
          aria-invalid={false}
          autoCapitalize="none"
          autoComplete="off"
          autoFocus={false}
          className="MuiInputBase-input MuiOutlinedInput-input MuiAutocomplete-input MuiAutocomplete-inputFocused MuiInputBase-inputAdornedEnd MuiOutlinedInput-inputAdornedEnd"
          disabled={false}
          id="country-select"
          onAnimationStart={[Function]}
          onBlur={[Function]}
          onChange={[Function]}
          onFocus={[Function]}
          onMouseDown={[Function]}
          required={false}
          spellCheck="false"
          type="text"
          value=""
        />
        <div
          className="MuiAutocomplete-endAdornment"
        >
          <button
            aria-label="Open"
            className="MuiButtonBase-root MuiIconButton-root MuiAutocomplete-popupIndicator"
            disabled={false}
            onBlur={[Function]}
            onClick={[Function]}
            onDragLeave={[Function]}
            onFocus={[Function]}
            onKeyDown={[Function]}
            onKeyUp={[Function]}
            onMouseDown={[Function]}
            onMouseLeave={[Function]}
            onMouseUp={[Function]}
            onTouchEnd={[Function]}
            onTouchMove={[Function]}
            onTouchStart={[Function]}
            tabIndex={-1}
            title="Open"
            type="button"
          >
            <span
              className="MuiIconButton-label"
            >
              <svg
                aria-hidden={true}
                className="MuiSvgIcon-root"
                focusable="false"
                viewBox="0 0 24 24"
              >
                <path
                  d="M7 10l5 5 5-5z"
                />
              </svg>
            </span>
          </button>
        </div>
        <fieldset
          aria-hidden={true}
          className="PrivateNotchedOutline-root-1 MuiOutlinedInput-notchedOutline"
          style={
            Object {
              "paddingLeft": 8,
            }
          }
        >
          <legend
            className="PrivateNotchedOutline-legend-2"
            style={
              Object {
                "width": 0.01,
              }
            }
          >
            <span
              dangerouslySetInnerHTML={
                Object {
                  "__html": "&#8203;",
                }
              }
            />
          </legend>
        </fieldset>
      </div>
    </div>
  </div>,
]
`;
