// Jest Snapshot v1, https://goo.gl/fbAQLP

exports[`Tests for the connected ViewToggle component should render with given state from Redux store 1`] = `
.c1 {
  min-width: 5rem;
  padding: 0.4rem 0.8rem;
  font-weight: bold;
  text-transform: uppercase;
  border: 1px solid #000;
  border-top: 0;
  cursor: pointer;
  background-color: #fff;
  -webkit-transition: background-color 0.3s ease;
  transition: background-color 0.3s ease;
}

.c1:first-child {
  border-bottom-left-radius: 0.3rem;
}

.c1:last-child {
  border-bottom-right-radius: 0.3rem;
}

.c1:hover,
.c1:focus {
  background-color: #ececec;
}

.c1.is-active {
  color: #fff;
  background-color: #000;
}

.c0 {
  position: absolute;
  left: 50%;
  z-index: 2;
}

<div
  className="c0"
>
  <button
    className="c1 is-active"
    onClick={[Function]}
  >
    Snapshot
  </button>
  <button
    className="c1"
    onClick={[Function]}
  >
    Risk
  </button>
</div>
`;
