// Jest Snapshot v1, https://goo.gl/fbAQLP

exports[`Tests for the connected ChartTypeButtons should render with given state from Redux store 1`] = `
.c0 {
  display: -webkit-box;
  display: -webkit-flex;
  display: -ms-flexbox;
  display: flex;
  -webkit-align-items: center;
  -webkit-box-align: center;
  -ms-flex-align: center;
  align-items: center;
  margin: 25px 0 0 80px;
}

.c0 button {
  margin-right: 0.2em;
}

.c0 label {
  margin-right: 0.4em;
  font-size: 0.9em;
  font-weight: bold;
}

.c1 {
  position: relative;
  padding: 0.2em 1.5em;
  color: #000;
  -webkit-text-decoration: none;
  text-decoration: none;
  background-color: #fff;
  border: 1px solid #000;
  border-radius: 2px;
  cursor: pointer;
  -webkit-user-select: none;
  -moz-user-select: none;
  -ms-user-select: none;
  user-select: none;
  outline: none;
}

.c1:focus,
.c1.focus {
  -webkit-text-decoration: none;
  text-decoration: none;
  outline: 0;
}

.c1:active,
.c1.is-active {
  color: #fff;
  background-color: #000;
  background-image: none;
  outline: 0;
  -webkit-user-select: none;
  -moz-user-select: none;
  -ms-user-select: none;
  user-select: none;
}

.c1:disabled {
  cursor: auto;
  opacity: 0.65;
}

<div
  className="c0"
>
  <label>
    Chart Type
  </label>
  <button
    className="c1 is-active"
    onClick={[Function]}
  >
    Cases
  </button>
  <button
    className="c1"
    onClick={[Function]}
  >
    Deaths
  </button>
  <button
    className="c1"
    onClick={[Function]}
  >
    Cases and Deaths
  </button>
</div>
`;
