// Jest Snapshot v1, https://goo.gl/fbAQLP

exports[`Tests for the connected SidebarCount component with reduxInitialState should render with given state from Redux store 1`] = `
.c0 {
  padding: 1.3rem;
}

.c1 {
  margin: 0.6rem 0;
}

.c2 {
  margin-bottom: 0.3rem;
}

.c3 {
  display: inline-block;
  font-size: 1.8em;
}

<div
  className="c0"
>
  <p>
    <strong>
      Reported cases
       from:
      <br />
      Wed Oct 01 2014
       to
       
      Sat Feb 20 2016
    </strong>
  </p>
  <div
    className="c1"
  >
    <div
      className="c2"
    >
      Suspected and confirmed
    </div>
    <div
      className="c3"
    >
      0
    </div>
  </div>
</div>
`;
