// Jest Snapshot v1, https://goo.gl/fbAQLP

exports[`Tests for the connected SidebarCount component with reduxInitialState should render with given state from Redux store 1`] = `
.c0 {
  padding: 1.2rem 1.2rem 3.2rem;
  font-size: 1.6rem;
  line-height: 1.5;
  border-radius: 3px;
  border: 1px solid;
  display: -webkit-box;
  display: -webkit-flex;
  display: -ms-flexbox;
  display: flex;
  -webkit-flex-direction: column;
  -ms-flex-direction: column;
  flex-direction: column;
  -webkit-box-pack: space-around;
  -webkit-justify-content: space-around;
  -ms-flex-pack: space-around;
  justify-content: space-around;
  margin-top: 3.2rem;
}

.c0 p {
  margin: 0;
}

.c1 {
  margin: 1.6rem 0 0.25rem;
  text-transform: uppercase;
  font-weight: 700;
  line-height: 2;
  -webkit-letter-spacing: 0.05rem;
  -moz-letter-spacing: 0.05rem;
  -ms-letter-spacing: 0.05rem;
  letter-spacing: 0.05rem;
  font-size: 1.2rem;
}

.c2 {
  display: inline-block;
  font-size: 2.4em;
  font-weight: 700;
  line-height: 1;
}

<div
  className="c0"
>
  <p>
    Total reported cases in All Locations
     from 
    <strong>
      Wed Oct 01 2014
      –
      Sat Feb 20 2016
    </strong>
  </p>
  <div
    className=""
  >
    <div
      className="c1"
    >
      Reported cases
    </div>
    <div
      className="c2"
    >
      0
    </div>
  </div>
</div>
`;
