// Jest Snapshot v1, https://goo.gl/fbAQLP

exports[`Tests for the connected SnapshotMapLegend component with reduxInitialState should render with given state from Redux store 1`] = `
.c4 {
  display: -webkit-box;
  display: -webkit-flex;
  display: -ms-flexbox;
  display: flex;
  -webkit-align-items: center;
  -webkit-box-align: center;
  -ms-flex-align: center;
  align-items: center;
}

.c5 {
  -webkit-flex: none;
  -ms-flex: none;
  flex: none;
  width: 2rem;
  height: 2rem;
  margin-right: 0.5em;
}

.c6 {
  -webkit-flex: 1;
  -ms-flex: 1;
  flex: 1;
  line-height: 1;
  font-size: 1rem;
}

.c2 {
  text-transform: capitalize;
  margin: 0 0 0.8rem;
  font-size: 1.2rem;
}

.c0 {
  position: absolute;
  left: 2rem;
  bottom: 3.2rem;
  max-width: 12rem;
}

.c3 {
  height: calc(100% - 7rem);
  overflow: auto;
}

.c1 {
  display: inline-block;
  padding: 1.2rem;
  border-radius: 3px;
  background-color: #fff;
}

<div
  className="c0"
  data-test-id="snapshot-map-legend"
>
  <div
    className="c1"
  >
    <h3
      className="c2"
    >
      Case counts
    </h3>
    <div
      className="c3"
    >
      <div
        className="c4"
      >
        <div
          className="c5"
          style={
            Object {
              "backgroundColor": "#E23D4A",
            }
          }
        />
        <div
          className="c6"
        >
          12,000
        </div>
      </div>
      <div
        className="c4"
      >
        <div
          className="c5"
          style={
            Object {
              "backgroundColor": "#E23D4A",
            }
          }
        />
        <div
          className="c6"
        >
          10,667
        </div>
      </div>
      <div
        className="c4"
      >
        <div
          className="c5"
          style={
            Object {
              "backgroundColor": "#E55259",
            }
          }
        />
        <div
          className="c6"
        >
          9,333
        </div>
      </div>
      <div
        className="c4"
      >
        <div
          className="c5"
          style={
            Object {
              "backgroundColor": "#E86769",
            }
          }
        />
        <div
          className="c6"
        >
          8,000
        </div>
      </div>
      <div
        className="c4"
      >
        <div
          className="c5"
          style={
            Object {
              "backgroundColor": "#EB7C77",
            }
          }
        />
        <div
          className="c6"
        >
          6,667
        </div>
      </div>
      <div
        className="c4"
      >
        <div
          className="c5"
          style={
            Object {
              "backgroundColor": "#EE9187",
            }
          }
        />
        <div
          className="c6"
        >
          5,333
        </div>
      </div>
      <div
        className="c4"
      >
        <div
          className="c5"
          style={
            Object {
              "backgroundColor": "#F1A697",
            }
          }
        />
        <div
          className="c6"
        >
          4,000
        </div>
      </div>
      <div
        className="c4"
      >
        <div
          className="c5"
          style={
            Object {
              "backgroundColor": "#F5BCA7",
            }
          }
        />
        <div
          className="c6"
        >
          2,667
        </div>
      </div>
      <div
        className="c4"
      >
        <div
          className="c5"
          style={
            Object {
              "backgroundColor": "#F8D1B6",
            }
          }
        />
        <div
          className="c6"
        >
          1,333
        </div>
      </div>
      <div
        className="c4"
      >
        <div
          className="c5"
          style={
            Object {
              "backgroundColor": "#FDF1DD",
            }
          }
        />
        <div
          className="c6"
        >
          0
        </div>
      </div>
    </div>
  </div>
</div>
`;
